{
    "Should run without failures": {
        "content": [
            {
                "0": [
                    "sample_annotation.tsv:md5,b4280c567590c13b784215af25355a82"
                ],
                "1": [
                    "versions.yml:md5,1d7db4fd1f42c30efe32207042fbc3bd"
                ],
                "drop_annot": [
                    "sample_annotation.tsv:md5,b4280c567590c13b784215af25355a82"
                ],
                "versions": [
                    "versions.yml:md5,1d7db4fd1f42c30efe32207042fbc3bd"
                ]
            }
        ],
        "meta": {
            "nf-test": "0.9.2",
            "nextflow": "25.04.5"
        },
        "timestamp": "2025-08-12T21:47:14.75954614"
    }
}