{
    "With only AS": {
        "content": [
            [
                "finequagga_fraser_top_hits_clinical.tsv"
            ],
            [
                "finequagga_fraser_top_hits_research.tsv"
            ],
            [
                "versions.yml:md5,1c377afea6896740ff3d37642c9c1608"
            ]
        ],
        "meta": {
            "nf-test": "0.9.2",
            "nextflow": "25.04.5"
        },
        "timestamp": "2025-09-10T16:49:17.300088668"
    },
    "With only AE": {
        "content": [
            [
                "finequagga_outrider_top_hits_clinical.tsv"
            ],
            [
                "finequagga_outrider_top_hits_research.tsv"
            ],
            [
                "versions.yml:md5,1c377afea6896740ff3d37642c9c1608"
            ]
        ],
        "meta": {
            "nf-test": "0.9.2",
            "nextflow": "25.04.5"
        },
        "timestamp": "2025-09-10T16:41:13.393007585"
    },
    "With AS, AE, and MAE": {
        "content": [
            [
                "finequagga_fraser_top_hits_clinical.tsv"
            ],
            [
                "finequagga_fraser_top_hits_research.tsv"
            ],
            [
                "finequagga_outrider_top_hits_clinical.tsv"
            ],
            [
                "finequagga_outrider_top_hits_research.tsv"
            ],
            [
                "finequagga_mae_top_hits_clinical.tsv"
            ],
            [
                "finequagga_mae_top_hits_research.tsv"
            ],
            [
                "versions.yml:md5,1c377afea6896740ff3d37642c9c1608"
            ]
        ],
        "meta": {
            "nf-test": "0.9.2",
            "nextflow": "25.04.5"
        },
        "timestamp": "2025-09-10T19:05:25.487309998"
    }
}