{
    "Should run without failures": {
        "content": [
            {
                "0": [
                    [
                        
                    ]
                ],
                "1": [
                    "vep_plugin_files.csv:md5,d41d8cd98f00b204e9800998ecf8427e"
                ],
                "2": [
                    "versions.yml:md5,c63c2a035f67c62ce2cc7a732c32d355"
                ],
                "vep_cache": [
                    [
                        
                    ]
                ],
                "vep_plugin_file": [
                    "vep_plugin_files.csv:md5,d41d8cd98f00b204e9800998ecf8427e"
                ],
                "versions": [
                    "versions.yml:md5,c63c2a035f67c62ce2cc7a732c32d355"
                ]
            }
        ],
        "meta": {
            "nf-test": "0.9.2",
            "nextflow": "24.10.5"
        },
        "timestamp": "2025-04-23T12:00:00.200818"
    }
}