{
    "Should run with two samples": {
        "content": [
            "ACC5963A1.transcripts.gtf",
            "ACC5963A1.gene.abundance.txt",
            "ACC5963A1.coverage.gtf",
            "ACC5963A1.annotated.gtf",
            [
                [
                    {
                        "case": "finequagga",
                        "id": "ACC5963A1",
                        "sample": "ACC5963A1",
                        "strandedness": "reverse",
                        "sex": "NA",
                        "single_end": false,
                        "fq_pairs": 1,
                        "is_fastq": false,
                        "dna_vcf": "test_ACC5963A1.vcf.gz:md5,fcd2c0bc89d79d38e563b3d949180c4f",
                        "dna_vcf_tbi": "test_ACC5963A1.vcf.gz.tbi:md5,086303970052512598af8052900018eb",
                        "dna_id": "ACC5963A1"
                    },
                    "ACC5963A1.stats:md5,d41d8cd98f00b204e9800998ecf8427e"
                ],
                [
                    {
                        "case": "finequagga",
                        "id": "ACC5963A3",
                        "sample": "ACC5963A3",
                        "strandedness": "reverse",
                        "sex": "NA",
                        "single_end": false,
                        "fq_pairs": 1,
                        "is_fastq": false,
                        "dna_id": "NA"
                    },
                    "ACC5963A3.stats:md5,d41d8cd98f00b204e9800998ecf8427e"
                ]
            ],
            [
                "sample_annotation.tsv:md5,d41d8cd98f00b204e9800998ecf8427e"
            ],
            [
                "config.yaml"
            ],
            [
                "config.yaml"
            ],
            [
                "outrider_top_hits_clinical.tsv"
            ],
            [
                "outrider_top_hits_research.tsv"
            ],
            [
                "fraser_top_hits_clinical.tsv"
            ],
            [
                "fraser_top_hits_research.tsv"
            ],
            [
                "versions.yml:md5,205c586a4c68fb4299b3bac50b12d80a",
                "versions.yml:md5,44fd2150acc4110438af373944242bd2",
                "versions.yml:md5,4a8ef69b45dec5c4a3022e258e6b9b7f",
                "versions.yml:md5,4be0342d9b24a9f0082899b1ef7728f2",
                "versions.yml:md5,a670486c09affed32ebf95198e0a9a9a",
                "versions.yml:md5,af99797f66dd8e19bde4746d8b5867fb",
                "versions.yml:md5,d0db2ae9cd9907e53e164eb5dd290eed"
            ]
        ],
        "meta": {
            "nf-test": "0.9.2",
            "nextflow": "25.04.5"
        },
        "timestamp": "2025-09-17T09:40:11.660165057"
    },
    "Should run with one sample": {
        "content": [
            [
                "sample_annotation.tsv:md5,8602646eee775b14ef6e3cb1dde2f5e2"
            ],
            [
                "config.yaml"
            ],
            [
                "finequagga_outrider_top_hits_clinical.tsv"
            ],
            [
                "finequagga_outrider_top_hits_research.tsv"
            ],
            [
                "versions.yml:md5,44fd2150acc4110438af373944242bd2",
                "versions.yml:md5,4be0342d9b24a9f0082899b1ef7728f2",
                "versions.yml:md5,d0db2ae9cd9907e53e164eb5dd290eed"
            ]
        ],
        "meta": {
            "nf-test": "0.9.2",
            "nextflow": "25.04.5"
        },
        "timestamp": "2025-09-17T09:43:21.846394897"
    }
}