{
    "Should run without failures": {
        "content": [
            [
                "config.yaml"
            ],
            [
                "gene_name_mapping_grch37_chr21.tsv:md5,f70b29e044d02ac3d2ae6e83221aa978"
            ],
            [
                "output"
            ],
            [
                "MAE_results_grch37_chr21.tsv"
            ],
            [
                "versions.yml:md5,eeac97ccc224807222bb8768daaff3c6"
            ]
        ],
        "meta": {
            "nf-test": "0.9.2",
            "nextflow": "25.04.5"
        },
        "timestamp": "2025-09-16T14:40:17.893217795"
    }
}