{
    "Should run without failures": {
        "content": [
            [
                "config.yaml"
            ],
            [
                "gene_name_mapping_grch37_chr21.tsv:md5,b44ef48c094b206faee684d7961b85ca"
            ],
            [
                "OUTRIDER_results_all.Rds"
            ],
            [
                "output"
            ],
            [
                "versions.yml:md5,49e1d7b9f8f2f9ae82fab6d3aee2d456"
            ]
        ],
        "meta": {
            "nf-test": "0.9.2",
            "nextflow": "25.04.5"
        },
        "timestamp": "2025-09-10T14:54:46.384685723"
    }
}