{
    "Download gtf -stub": {
        "content": [
            {
                "0": [
                    "GRCh38.primary_assembly.genome.fa:md5,d41d8cd98f00b204e9800998ecf8427e"
                ],
                "1": [
                    "gencode.v46.primary_assembly.annotation.gtf:md5,d41d8cd98f00b204e9800998ecf8427e"
                ],
                "2": [
                    "versions.yml:md5,a809582924251f125611d2c774f1436e"
                ],
                "fasta": [
                    "GRCh38.primary_assembly.genome.fa:md5,d41d8cd98f00b204e9800998ecf8427e"
                ],
                "gtf": [
                    "gencode.v46.primary_assembly.annotation.gtf:md5,d41d8cd98f00b204e9800998ecf8427e"
                ],
                "versions": [
                    "versions.yml:md5,a809582924251f125611d2c774f1436e"
                ]
            }
        ],
        "meta": {
            "nf-test": "0.9.2",
            "nextflow": "24.10.5"
        },
        "timestamp": "2025-04-23T08:03:56.832995"
    },
    "Download fasta -stub": {
        "content": [
            {
                "0": [
                    "GRCh38.primary_assembly.genome.fa:md5,d41d8cd98f00b204e9800998ecf8427e"
                ],
                "1": [
                    "gencode.v46.primary_assembly.annotation.gtf:md5,d41d8cd98f00b204e9800998ecf8427e"
                ],
                "2": [
                    "versions.yml:md5,a809582924251f125611d2c774f1436e"
                ],
                "fasta": [
                    "GRCh38.primary_assembly.genome.fa:md5,d41d8cd98f00b204e9800998ecf8427e"
                ],
                "gtf": [
                    "gencode.v46.primary_assembly.annotation.gtf:md5,d41d8cd98f00b204e9800998ecf8427e"
                ],
                "versions": [
                    "versions.yml:md5,a809582924251f125611d2c774f1436e"
                ]
            }
        ],
        "meta": {
            "nf-test": "0.9.2",
            "nextflow": "24.10.5"
        },
        "timestamp": "2025-04-23T08:03:49.440695"
    }
}