{
    "Should run without failures": {
        "content": [
            [
                "VcfFile [chromosomes=[chr21], sampleCount=1, variantCount=2496, phased=false, phasedAutodetect=false]"
            ],
            [
                [
                    {
                        "case": "finequagga",
                        "id": "ACC5963A1",
                        "sample": "ACC5963A1",
                        "strandedness": "reverse",
                        "sex": "NA",
                        "single_end": false,
                        "fq_pairs": 1,
                        "is_fastq": false
                    },
                    "ACC5963A1_gatk.vcf.gz.tbi:md5,d7f6f8ded10dcfcac48f6fb08052985a"
                ]
            ],
            [
                [
                    {
                        "case": "finequagga",
                        "id": "ACC5963A1",
                        "sample": "ACC5963A1",
                        "strandedness": "reverse",
                        "sex": "NA",
                        "single_end": false,
                        "fq_pairs": 1,
                        "is_fastq": false
                    },
                    "ACC5963A1.bcftools_stats.txt:md5,09a5b7beb572c5754f44f2dea20024a2"
                ]
            ],
            [
                "versions.yml:md5,1e6c4168df6c725d8d8257c0983e1c77",
                "versions.yml:md5,3625fcc3c1900a0db9df0dcbba7dab0e",
                "versions.yml:md5,65d3400f4aaf64a558b891ef3f80a2c4",
                "versions.yml:md5,809a79c3a84402ca4129418a19fcf556",
                "versions.yml:md5,ca18eaf0ba5dfed37cd58ee8368be488"
            ]
        ],
        "meta": {
            "nf-test": "0.9.2",
            "nextflow": "24.10.5"
        },
        "timestamp": "2025-04-23T17:08:40.34165"
    }
}